[2026-07-29 14:40:31,635 - action_history - DEBUG] Action history: 
 SearchActionHistory(
  Search Action: search_class
Search Action Input: {'class_name': 'ModelBase', 'file_path': 'django/db/models/base.py'}: 1
  Search Action: search_method_in_class
Search Action Input: {'class_name': 'ModelBase', 'method_name': '__new__', 'file_path': 'django/db/models/base.py'}: 1
  Search Action: search_method_in_class
Search Action Input: {'class_name': 'Model', 'method_name': '_get_FIELD_display', 'file_path': 'django/db/models/base.py'}: 1
)
[2026-07-29 14:40:57,050 - action_history - INFO] Top class methods: [SearchActionStep(search_action='search_method_in_class', search_action_input={'class_name': 'ModelBase', 'method_name': '_prepare', 'file_path': 'django/db/models/base.py'})]
[2026-07-29 14:41:10,055 - action_history - DEBUG] Action history: 
 SearchActionHistory(
  Search Action: search_class
Search Action Input: {'class_name': 'ModelBase', 'file_path': 'django/db/models/base.py'}: 1
  Search Action: search_method_in_class
Search Action Input: {'class_name': 'ModelBase', 'method_name': '__new__', 'file_path': 'django/db/models/base.py'}: 2
  Search Action: search_method_in_class
Search Action Input: {'class_name': 'Model', 'method_name': '_get_FIELD_display', 'file_path': 'django/db/models/base.py'}: 2
  Search Action: search_method_in_class
Search Action Input: {'class_name': 'ModelBase', 'method_name': '_prepare', 'file_path': 'django/db/models/base.py'}: 2
  Search Action: search_file_contents
Search Action Input: {'file_name': 'base.py', 'directory_path': 'django/db/models'}: 2
)
[2026-07-29 14:41:19,597 - action_history - DEBUG] Action history: 
 SearchActionHistory(
  Search Action: search_class
Search Action Input: {'class_name': 'ModelBase', 'file_path': 'django/db/models/base.py'}: 1
  Search Action: search_method_in_class
Search Action Input: {'class_name': 'ModelBase', 'method_name': '__new__', 'file_path': 'django/db/models/base.py'}: 2
  Search Action: search_method_in_class
Search Action Input: {'class_name': 'Model', 'method_name': '_get_FIELD_display', 'file_path': 'django/db/models/base.py'}: 3
  Search Action: search_method_in_class
Search Action Input: {'class_name': 'ModelBase', 'method_name': '_prepare', 'file_path': 'django/db/models/base.py'}: 3
  Search Action: search_file_contents
Search Action Input: {'file_name': 'base.py', 'directory_path': 'django/db/models'}: 3
)
[2026-07-29 14:41:28,248 - action_history - DEBUG] Action history: 
 SearchActionHistory(
  Search Action: search_class
Search Action Input: {'class_name': 'ModelBase', 'file_path': 'django/db/models/base.py'}: 1
  Search Action: search_method_in_class
Search Action Input: {'class_name': 'ModelBase', 'method_name': '__new__', 'file_path': 'django/db/models/base.py'}: 2
  Search Action: search_method_in_class
Search Action Input: {'class_name': 'Model', 'method_name': '_get_FIELD_display', 'file_path': 'django/db/models/base.py'}: 3
  Search Action: search_method_in_class
Search Action Input: {'class_name': 'ModelBase', 'method_name': '_prepare', 'file_path': 'django/db/models/base.py'}: 4
  Search Action: search_file_contents
Search Action Input: {'file_name': 'base.py', 'directory_path': 'django/db/models'}: 4
)
[2026-07-29 14:41:32,245 - action_history - DEBUG] Action history: 
 SearchActionHistory(
  Search Action: search_class
Search Action Input: {'class_name': 'ModelBase', 'file_path': 'django/db/models/base.py'}: 1
  Search Action: search_method_in_class
Search Action Input: {'class_name': 'ModelBase', 'method_name': '__new__', 'file_path': 'django/db/models/base.py'}: 2
  Search Action: search_method_in_class
Search Action Input: {'class_name': 'Model', 'method_name': '_get_FIELD_display', 'file_path': 'django/db/models/base.py'}: 3
  Search Action: search_method_in_class
Search Action Input: {'class_name': 'ModelBase', 'method_name': '_prepare', 'file_path': 'django/db/models/base.py'}: 4
  Search Action: search_file_contents
Search Action Input: {'file_name': 'base.py', 'directory_path': 'django/db/models'}: 4
  Search Action: search_file_contents
Search Action Input: {'file_name': 'fields.py', 'directory_path': 'django/db/models'}: 1
)
[2026-07-29 14:41:38,907 - action_history - INFO] Top file functions: [SearchActionStep(search_action='search_callable', search_action_input={'query_name': '_has_contribute_to_class', 'file_path': 'django/db/models/base.py'})]
[2026-07-29 14:42:15,158 - action_history - DEBUG] Action history: 
 SearchActionHistory(
  Search Action: search_class
Search Action Input: {'class_name': 'ModelBase', 'file_path': 'django/db/models/base.py'}: 1
  Search Action: search_method_in_class
Search Action Input: {'class_name': 'ModelBase', 'method_name': '__new__', 'file_path': 'django/db/models/base.py'}: 2
  Search Action: search_method_in_class
Search Action Input: {'class_name': 'Model', 'method_name': '_get_FIELD_display', 'file_path': 'django/db/models/base.py'}: 3
  Search Action: search_method_in_class
Search Action Input: {'class_name': 'ModelBase', 'method_name': '_prepare', 'file_path': 'django/db/models/base.py'}: 4
  Search Action: search_file_contents
Search Action Input: {'file_name': 'base.py', 'directory_path': 'django/db/models'}: 4
  Search Action: search_file_contents
Search Action Input: {'file_name': 'fields.py', 'directory_path': 'django/db/models'}: 2
  Search Action: search_callable
Search Action Input: {'query_name': '_has_contribute_to_class', 'file_path': 'django/db/models/base.py'}: 2
)
[2026-07-29 14:42:24,693 - action_history - DEBUG] Action history: 
 SearchActionHistory(
  Search Action: search_class
Search Action Input: {'class_name': 'ModelBase', 'file_path': 'django/db/models/base.py'}: 1
  Search Action: search_method_in_class
Search Action Input: {'class_name': 'ModelBase', 'method_name': '__new__', 'file_path': 'django/db/models/base.py'}: 2
  Search Action: search_method_in_class
Search Action Input: {'class_name': 'Model', 'method_name': '_get_FIELD_display', 'file_path': 'django/db/models/base.py'}: 3
  Search Action: search_method_in_class
Search Action Input: {'class_name': 'ModelBase', 'method_name': '_prepare', 'file_path': 'django/db/models/base.py'}: 4
  Search Action: search_file_contents
Search Action Input: {'file_name': 'base.py', 'directory_path': 'django/db/models'}: 4
  Search Action: search_file_contents
Search Action Input: {'file_name': 'fields.py', 'directory_path': 'django/db/models'}: 2
  Search Action: search_callable
Search Action Input: {'query_name': '_has_contribute_to_class', 'file_path': 'django/db/models/base.py'}: 3
)
[2026-07-29 14:42:47,728 - action_history - DEBUG] Action history: 
 SearchActionHistory(
  Search Action: search_class
Search Action Input: {'class_name': 'ModelBase', 'file_path': 'django/db/models/base.py'}: 1
  Search Action: search_method_in_class
Search Action Input: {'class_name': 'ModelBase', 'method_name': '__new__', 'file_path': 'django/db/models/base.py'}: 2
  Search Action: search_method_in_class
Search Action Input: {'class_name': 'Model', 'method_name': '_get_FIELD_display', 'file_path': 'django/db/models/base.py'}: 3
  Search Action: search_method_in_class
Search Action Input: {'class_name': 'ModelBase', 'method_name': '_prepare', 'file_path': 'django/db/models/base.py'}: 4
  Search Action: search_file_contents
Search Action Input: {'file_name': 'base.py', 'directory_path': 'django/db/models'}: 4
  Search Action: search_file_contents
Search Action Input: {'file_name': 'fields.py', 'directory_path': 'django/db/models'}: 2
  Search Action: search_callable
Search Action Input: {'query_name': '_has_contribute_to_class', 'file_path': 'django/db/models/base.py'}: 3
  Search Action: search_class
Search Action Input: {'class_name': 'Field', 'file_path': 'django/db/models/fields/__init__.py'}: 1
  Search Action: search_method_in_class
Search Action Input: {'class_name': 'Field', 'method_name': 'contribute_to_class', 'file_path': 'django/db/models/fields/__init__.py'}: 1
)
[2026-07-29 14:43:28,322 - action_history - INFO] Top class methods: [SearchActionStep(search_action='search_method_in_class', search_action_input={'class_name': 'Field', 'method_name': 'contribute_to_class', 'file_path': 'django/db/models/fields/__init__.py'}), SearchActionStep(search_action='search_method_in_class', search_action_input={'class_name': 'Field', 'method_name': 'formfield', 'file_path': 'django/db/models/fields/__init__.py'})]
[2026-07-29 14:43:55,808 - action_history - DEBUG] Action history: 
 SearchActionHistory(
  Search Action: search_class
Search Action Input: {'class_name': 'ModelBase', 'file_path': 'django/db/models/base.py'}: 1
  Search Action: search_method_in_class
Search Action Input: {'class_name': 'ModelBase', 'method_name': '__new__', 'file_path': 'django/db/models/base.py'}: 2
  Search Action: search_method_in_class
Search Action Input: {'class_name': 'Model', 'method_name': '_get_FIELD_display', 'file_path': 'django/db/models/base.py'}: 3
  Search Action: search_method_in_class
Search Action Input: {'class_name': 'ModelBase', 'method_name': '_prepare', 'file_path': 'django/db/models/base.py'}: 4
  Search Action: search_file_contents
Search Action Input: {'file_name': 'base.py', 'directory_path': 'django/db/models'}: 4
  Search Action: search_file_contents
Search Action Input: {'file_name': 'fields.py', 'directory_path': 'django/db/models'}: 2
  Search Action: search_callable
Search Action Input: {'query_name': '_has_contribute_to_class', 'file_path': 'django/db/models/base.py'}: 3
  Search Action: search_class
Search Action Input: {'class_name': 'Field', 'file_path': 'django/db/models/fields/__init__.py'}: 1
  Search Action: search_method_in_class
Search Action Input: {'class_name': 'Field', 'method_name': 'contribute_to_class', 'file_path': 'django/db/models/fields/__init__.py'}: 2
  Search Action: search_method_in_class
Search Action Input: {'class_name': 'Field', 'method_name': 'formfield', 'file_path': 'django/db/models/fields/__init__.py'}: 1
  Search Action: search_file_contents
Search Action Input: {'file_name': '__init__.py', 'directory_path': 'django/db/models/fields'}: 2
)
[2026-07-29 14:44:11,243 - action_history - DEBUG] Action history: 
 SearchActionHistory(
  Search Action: search_class
Search Action Input: {'class_name': 'ModelBase', 'file_path': 'django/db/models/base.py'}: 1
  Search Action: search_method_in_class
Search Action Input: {'class_name': 'ModelBase', 'method_name': '__new__', 'file_path': 'django/db/models/base.py'}: 2
  Search Action: search_method_in_class
Search Action Input: {'class_name': 'Model', 'method_name': '_get_FIELD_display', 'file_path': 'django/db/models/base.py'}: 3
  Search Action: search_method_in_class
Search Action Input: {'class_name': 'ModelBase', 'method_name': '_prepare', 'file_path': 'django/db/models/base.py'}: 4
  Search Action: search_file_contents
Search Action Input: {'file_name': 'base.py', 'directory_path': 'django/db/models'}: 4
  Search Action: search_file_contents
Search Action Input: {'file_name': 'fields.py', 'directory_path': 'django/db/models'}: 2
  Search Action: search_callable
Search Action Input: {'query_name': '_has_contribute_to_class', 'file_path': 'django/db/models/base.py'}: 3
  Search Action: search_class
Search Action Input: {'class_name': 'Field', 'file_path': 'django/db/models/fields/__init__.py'}: 1
  Search Action: search_method_in_class
Search Action Input: {'class_name': 'Field', 'method_name': 'contribute_to_class', 'file_path': 'django/db/models/fields/__init__.py'}: 2
  Search Action: search_method_in_class
Search Action Input: {'class_name': 'Field', 'method_name': 'formfield', 'file_path': 'django/db/models/fields/__init__.py'}: 2
  Search Action: search_file_contents
Search Action Input: {'file_name': '__init__.py', 'directory_path': 'django/db/models/fields'}: 3
)
[2026-07-29 14:44:50,501 - action_history - DEBUG] Action history: 
 SearchActionHistory(
  Search Action: search_class
Search Action Input: {'class_name': 'ModelBase', 'file_path': 'django/db/models/base.py'}: 1
  Search Action: search_method_in_class
Search Action Input: {'class_name': 'ModelBase', 'method_name': '__new__', 'file_path': 'django/db/models/base.py'}: 2
  Search Action: search_method_in_class
Search Action Input: {'class_name': 'Model', 'method_name': '_get_FIELD_display', 'file_path': 'django/db/models/base.py'}: 3
  Search Action: search_method_in_class
Search Action Input: {'class_name': 'ModelBase', 'method_name': '_prepare', 'file_path': 'django/db/models/base.py'}: 4
  Search Action: search_file_contents
Search Action Input: {'file_name': 'base.py', 'directory_path': 'django/db/models'}: 4
  Search Action: search_file_contents
Search Action Input: {'file_name': 'fields.py', 'directory_path': 'django/db/models'}: 2
  Search Action: search_callable
Search Action Input: {'query_name': '_has_contribute_to_class', 'file_path': 'django/db/models/base.py'}: 3
  Search Action: search_class
Search Action Input: {'class_name': 'Field', 'file_path': 'django/db/models/fields/__init__.py'}: 1
  Search Action: search_method_in_class
Search Action Input: {'class_name': 'Field', 'method_name': 'contribute_to_class', 'file_path': 'django/db/models/fields/__init__.py'}: 2
  Search Action: search_method_in_class
Search Action Input: {'class_name': 'Field', 'method_name': 'formfield', 'file_path': 'django/db/models/fields/__init__.py'}: 3
  Search Action: search_file_contents
Search Action Input: {'file_name': '__init__.py', 'directory_path': 'django/db/models/fields'}: 3
)
[2026-07-29 14:44:59,438 - action_history - DEBUG] Action history: 
 SearchActionHistory(
  Search Action: search_class
Search Action Input: {'class_name': 'ModelBase', 'file_path': 'django/db/models/base.py'}: 1
  Search Action: search_method_in_class
Search Action Input: {'class_name': 'ModelBase', 'method_name': '__new__', 'file_path': 'django/db/models/base.py'}: 2
  Search Action: search_method_in_class
Search Action Input: {'class_name': 'Model', 'method_name': '_get_FIELD_display', 'file_path': 'django/db/models/base.py'}: 3
  Search Action: search_method_in_class
Search Action Input: {'class_name': 'ModelBase', 'method_name': '_prepare', 'file_path': 'django/db/models/base.py'}: 4
  Search Action: search_file_contents
Search Action Input: {'file_name': 'base.py', 'directory_path': 'django/db/models'}: 4
  Search Action: search_file_contents
Search Action Input: {'file_name': 'fields.py', 'directory_path': 'django/db/models'}: 2
  Search Action: search_callable
Search Action Input: {'query_name': '_has_contribute_to_class', 'file_path': 'django/db/models/base.py'}: 3
  Search Action: search_class
Search Action Input: {'class_name': 'Field', 'file_path': 'django/db/models/fields/__init__.py'}: 1
  Search Action: search_method_in_class
Search Action Input: {'class_name': 'Field', 'method_name': 'contribute_to_class', 'file_path': 'django/db/models/fields/__init__.py'}: 2
  Search Action: search_method_in_class
Search Action Input: {'class_name': 'Field', 'method_name': 'formfield', 'file_path': 'django/db/models/fields/__init__.py'}: 3
  Search Action: search_file_contents
Search Action Input: {'file_name': '__init__.py', 'directory_path': 'django/db/models/fields'}: 3
)
