[2026-07-29 15:06:48,271 - search_queue - DEBUG] search queue: 
 SearchQueue(
  Value: 1, Action: Search Action: search_method_in_class
Search Action Input: {'class_name': 'cached_property', 'method_name': '__get__', 'file_path': 'django/utils/functional.py'}
  Value: 1, Action: Search Action: search_class
Search Action Input: {'class_name': 'Field', 'file_path': 'django/db/models/fields/__init__.py'}
  Value: 1, Action: Search Action: search_class
Search Action Input: {'class_name': 'ModelBase', 'file_path': 'django/db/models/base.py'}
  Value: 1, Action: Search Action: search_class
Search Action Input: {'class_name': 'Model', 'file_path': 'django/db/models/base.py'}
)
[2026-07-29 15:07:22,033 - search_queue - DEBUG] search queue: 
 SearchQueue(
  Value: 2, Action: Search Action: search_class
Search Action Input: {'class_name': 'Field', 'file_path': 'django/db/models/fields/__init__.py'}
  Value: 2, Action: Search Action: search_class
Search Action Input: {'class_name': 'ModelBase', 'file_path': 'django/db/models/base.py'}
  Value: 2, Action: Search Action: search_class
Search Action Input: {'class_name': 'Model', 'file_path': 'django/db/models/base.py'}
  Value: 2, Action: Search Action: search_file_contents
Search Action Input: {'file_name': 'functional.py', 'directory_path': 'django/utils'}
)
[2026-07-29 15:08:29,233 - search_queue - DEBUG] search queue: 
 SearchQueue(
  Value: 3, Action: Search Action: search_class
Search Action Input: {'class_name': 'ModelBase', 'file_path': 'django/db/models/base.py'}
  Value: 2, Action: Search Action: search_class
Search Action Input: {'class_name': 'Model', 'file_path': 'django/db/models/base.py'}
  Value: 2, Action: Search Action: search_file_contents
Search Action Input: {'file_name': 'functional.py', 'directory_path': 'django/utils'}
  Value: 2, Action: Search Action: search_method_in_class
Search Action Input: {'class_name': 'Field', 'method_name': 'contribute_to_class', 'file_path': 'django/db/models/fields/__init__.py'}
  Value: 2, Action: Search Action: search_method_in_class
Search Action Input: {'class_name': 'Field', 'method_name': 'value_from_object', 'file_path': 'django/db/models/fields/__init__.py'}
  Value: 2, Action: Search Action: search_file_contents
Search Action Input: {'file_name': '__init__.py', 'directory_path': 'django/db/models/fields'}
  Value: 1, Action: Search Action: search_method_in_class
Search Action Input: {'class_name': 'ModelBase', 'method_name': '__new__', 'file_path': 'django/db/models/base.py'}
)
[2026-07-29 15:09:14,106 - search_queue - DEBUG] search queue: 
 SearchQueue(
  Value: 3, Action: Search Action: search_method_in_class
Search Action Input: {'class_name': 'Field', 'method_name': 'contribute_to_class', 'file_path': 'django/db/models/fields/__init__.py'}
  Value: 2, Action: Search Action: search_class
Search Action Input: {'class_name': 'Model', 'file_path': 'django/db/models/base.py'}
  Value: 2, Action: Search Action: search_file_contents
Search Action Input: {'file_name': 'functional.py', 'directory_path': 'django/utils'}
  Value: 2, Action: Search Action: search_method_in_class
Search Action Input: {'class_name': 'Field', 'method_name': 'value_from_object', 'file_path': 'django/db/models/fields/__init__.py'}
  Value: 2, Action: Search Action: search_file_contents
Search Action Input: {'file_name': '__init__.py', 'directory_path': 'django/db/models/fields'}
  Value: 2, Action: Search Action: search_method_in_class
Search Action Input: {'class_name': 'ModelBase', 'method_name': '__new__', 'file_path': 'django/db/models/base.py'}
  Value: 2, Action: Search Action: search_method_in_class
Search Action Input: {'class_name': 'ModelBase', 'method_name': '_base_manager', 'file_path': 'django/db/models/base.py'}
  Value: 2, Action: Search Action: search_file_contents
Search Action Input: {'file_name': 'base.py', 'directory_path': 'django/db/models'}
  Value: 1, Action: Search Action: search_method_in_class
Search Action Input: {'class_name': 'ModelBase', 'method_name': 'add_to_class', 'file_path': 'django/db/models/base.py'}
)
[2026-07-29 15:09:20,275 - search_queue - DEBUG] search queue: 
 SearchQueue(
  Value: 2, Action: Search Action: search_class
Search Action Input: {'class_name': 'Model', 'file_path': 'django/db/models/base.py'}
  Value: 2, Action: Search Action: search_file_contents
Search Action Input: {'file_name': 'functional.py', 'directory_path': 'django/utils'}
  Value: 2, Action: Search Action: search_method_in_class
Search Action Input: {'class_name': 'Field', 'method_name': 'value_from_object', 'file_path': 'django/db/models/fields/__init__.py'}
  Value: 2, Action: Search Action: search_file_contents
Search Action Input: {'file_name': '__init__.py', 'directory_path': 'django/db/models/fields'}
  Value: 2, Action: Search Action: search_method_in_class
Search Action Input: {'class_name': 'ModelBase', 'method_name': '__new__', 'file_path': 'django/db/models/base.py'}
  Value: 2, Action: Search Action: search_method_in_class
Search Action Input: {'class_name': 'ModelBase', 'method_name': '_base_manager', 'file_path': 'django/db/models/base.py'}
  Value: 2, Action: Search Action: search_file_contents
Search Action Input: {'file_name': 'base.py', 'directory_path': 'django/db/models'}
  Value: 1, Action: Search Action: search_method_in_class
Search Action Input: {'class_name': 'ModelBase', 'method_name': 'add_to_class', 'file_path': 'django/db/models/base.py'}
  Value: 1, Action: Search Action: search_method_in_class
Search Action Input: {'class_name': 'ModelBase', 'method_name': '__new__'}
  Value: 1, Action: Search Action: search_method_in_class
Search Action Input: {'class_name': 'ModelBase', 'method_name': 'add_to_class'}
  Value: 1, Action: Search Action: search_method_in_class
Search Action Input: {'class_name': 'Model', 'method_name': '_get_FIELD_display'}
)
[2026-07-29 15:10:12,301 - search_queue - DEBUG] search queue: 
 SearchQueue(
  Value: 3, Action: Search Action: search_method_in_class
Search Action Input: {'class_name': 'ModelBase', 'method_name': '__new__', 'file_path': 'django/db/models/base.py'}
  Value: 2, Action: Search Action: search_file_contents
Search Action Input: {'file_name': 'functional.py', 'directory_path': 'django/utils'}
  Value: 2, Action: Search Action: search_method_in_class
Search Action Input: {'class_name': 'Field', 'method_name': 'value_from_object', 'file_path': 'django/db/models/fields/__init__.py'}
  Value: 2, Action: Search Action: search_file_contents
Search Action Input: {'file_name': '__init__.py', 'directory_path': 'django/db/models/fields'}
  Value: 2, Action: Search Action: search_method_in_class
Search Action Input: {'class_name': 'ModelBase', 'method_name': '_base_manager', 'file_path': 'django/db/models/base.py'}
  Value: 2, Action: Search Action: search_file_contents
Search Action Input: {'file_name': 'base.py', 'directory_path': 'django/db/models'}
  Value: 2, Action: Search Action: search_method_in_class
Search Action Input: {'class_name': 'ModelBase', 'method_name': 'add_to_class', 'file_path': 'django/db/models/base.py'}
  Value: 1, Action: Search Action: search_method_in_class
Search Action Input: {'class_name': 'ModelBase', 'method_name': '__new__'}
  Value: 1, Action: Search Action: search_method_in_class
Search Action Input: {'class_name': 'ModelBase', 'method_name': 'add_to_class'}
  Value: 1, Action: Search Action: search_method_in_class
Search Action Input: {'class_name': 'Model', 'method_name': '_get_FIELD_display'}
  Value: 1, Action: Search Action: search_method_in_class
Search Action Input: {'class_name': 'Model', 'method_name': '_get_FIELD_display', 'file_path': 'django/db/models/base.py'}
)
[2026-07-29 15:10:22,460 - search_queue - DEBUG] search queue: 
 SearchQueue(
  Value: 3, Action: Search Action: search_method_in_class
Search Action Input: {'class_name': 'ModelBase', 'method_name': 'add_to_class', 'file_path': 'django/db/models/base.py'}
  Value: 2, Action: Search Action: search_file_contents
Search Action Input: {'file_name': 'functional.py', 'directory_path': 'django/utils'}
  Value: 2, Action: Search Action: search_method_in_class
Search Action Input: {'class_name': 'Field', 'method_name': 'value_from_object', 'file_path': 'django/db/models/fields/__init__.py'}
  Value: 2, Action: Search Action: search_file_contents
Search Action Input: {'file_name': '__init__.py', 'directory_path': 'django/db/models/fields'}
  Value: 2, Action: Search Action: search_method_in_class
Search Action Input: {'class_name': 'ModelBase', 'method_name': '_base_manager', 'file_path': 'django/db/models/base.py'}
  Value: 2, Action: Search Action: search_file_contents
Search Action Input: {'file_name': 'base.py', 'directory_path': 'django/db/models'}
  Value: 2, Action: Search Action: search_method_in_class
Search Action Input: {'class_name': 'Model', 'method_name': '_get_FIELD_display', 'file_path': 'django/db/models/base.py'}
  Value: 1, Action: Search Action: search_method_in_class
Search Action Input: {'class_name': 'ModelBase', 'method_name': '__new__'}
  Value: 1, Action: Search Action: search_method_in_class
Search Action Input: {'class_name': 'ModelBase', 'method_name': 'add_to_class'}
  Value: 1, Action: Search Action: search_method_in_class
Search Action Input: {'class_name': 'Model', 'method_name': '_get_FIELD_display'}
  Value: 1, Action: Search Action: search_callable
Search Action Input: {'query_name': 'get_FOO_display'}
)
[2026-07-29 15:10:46,190 - search_queue - DEBUG] search queue: 
 SearchQueue(
  Value: 3, Action: Search Action: search_method_in_class
Search Action Input: {'class_name': 'Model', 'method_name': '_get_FIELD_display', 'file_path': 'django/db/models/base.py'}
  Value: 2, Action: Search Action: search_file_contents
Search Action Input: {'file_name': 'functional.py', 'directory_path': 'django/utils'}
  Value: 2, Action: Search Action: search_method_in_class
Search Action Input: {'class_name': 'Field', 'method_name': 'value_from_object', 'file_path': 'django/db/models/fields/__init__.py'}
  Value: 2, Action: Search Action: search_file_contents
Search Action Input: {'file_name': '__init__.py', 'directory_path': 'django/db/models/fields'}
  Value: 2, Action: Search Action: search_method_in_class
Search Action Input: {'class_name': 'ModelBase', 'method_name': '_base_manager', 'file_path': 'django/db/models/base.py'}
  Value: 2, Action: Search Action: search_file_contents
Search Action Input: {'file_name': 'base.py', 'directory_path': 'django/db/models'}
  Value: 2, Action: Search Action: search_callable
Search Action Input: {'query_name': 'get_FOO_display'}
  Value: 1, Action: Search Action: search_method_in_class
Search Action Input: {'class_name': 'ModelBase', 'method_name': '__new__'}
  Value: 1, Action: Search Action: search_method_in_class
Search Action Input: {'class_name': 'ModelBase', 'method_name': 'add_to_class'}
  Value: 1, Action: Search Action: search_method_in_class
Search Action Input: {'class_name': 'Model', 'method_name': '_get_FIELD_display'}
)
[2026-07-29 15:11:07,318 - search_queue - DEBUG] search queue: 
 SearchQueue(
  Value: 3, Action: Search Action: search_callable
Search Action Input: {'query_name': 'get_FOO_display'}
  Value: 2, Action: Search Action: search_file_contents
Search Action Input: {'file_name': 'functional.py', 'directory_path': 'django/utils'}
  Value: 2, Action: Search Action: search_method_in_class
Search Action Input: {'class_name': 'Field', 'method_name': 'value_from_object', 'file_path': 'django/db/models/fields/__init__.py'}
  Value: 2, Action: Search Action: search_file_contents
Search Action Input: {'file_name': '__init__.py', 'directory_path': 'django/db/models/fields'}
  Value: 2, Action: Search Action: search_method_in_class
Search Action Input: {'class_name': 'ModelBase', 'method_name': '_base_manager', 'file_path': 'django/db/models/base.py'}
  Value: 2, Action: Search Action: search_file_contents
Search Action Input: {'file_name': 'base.py', 'directory_path': 'django/db/models'}
  Value: 1, Action: Search Action: search_method_in_class
Search Action Input: {'class_name': 'ModelBase', 'method_name': '__new__'}
  Value: 1, Action: Search Action: search_method_in_class
Search Action Input: {'class_name': 'ModelBase', 'method_name': 'add_to_class'}
  Value: 1, Action: Search Action: search_method_in_class
Search Action Input: {'class_name': 'Model', 'method_name': '_get_FIELD_display'}
  Value: 1, Action: Search Action: search_method_in_class
Search Action Input: {'class_name': 'ModelBase', 'method_name': '_prepare', 'file_path': 'django/db/models/base.py'}
)
[2026-07-29 15:11:33,378 - search_queue - DEBUG] search queue: 
 SearchQueue(
  Value: 2, Action: Search Action: search_file_contents
Search Action Input: {'file_name': 'functional.py', 'directory_path': 'django/utils'}
  Value: 2, Action: Search Action: search_method_in_class
Search Action Input: {'class_name': 'Field', 'method_name': 'value_from_object', 'file_path': 'django/db/models/fields/__init__.py'}
  Value: 2, Action: Search Action: search_file_contents
Search Action Input: {'file_name': '__init__.py', 'directory_path': 'django/db/models/fields'}
  Value: 2, Action: Search Action: search_method_in_class
Search Action Input: {'class_name': 'ModelBase', 'method_name': '_base_manager', 'file_path': 'django/db/models/base.py'}
  Value: 2, Action: Search Action: search_file_contents
Search Action Input: {'file_name': 'base.py', 'directory_path': 'django/db/models'}
  Value: 1, Action: Search Action: search_method_in_class
Search Action Input: {'class_name': 'ModelBase', 'method_name': '__new__'}
  Value: 1, Action: Search Action: search_method_in_class
Search Action Input: {'class_name': 'ModelBase', 'method_name': 'add_to_class'}
  Value: 1, Action: Search Action: search_method_in_class
Search Action Input: {'class_name': 'Model', 'method_name': '_get_FIELD_display'}
  Value: 1, Action: Search Action: search_method_in_class
Search Action Input: {'class_name': 'ModelBase', 'method_name': '_prepare', 'file_path': 'django/db/models/base.py'}
)
[2026-07-29 15:12:33,706 - search_queue - DEBUG] search queue: 
 SearchQueue(
  Value: 2, Action: Search Action: search_method_in_class
Search Action Input: {'class_name': 'Field', 'method_name': 'value_from_object', 'file_path': 'django/db/models/fields/__init__.py'}
  Value: 2, Action: Search Action: search_file_contents
Search Action Input: {'file_name': '__init__.py', 'directory_path': 'django/db/models/fields'}
  Value: 2, Action: Search Action: search_method_in_class
Search Action Input: {'class_name': 'ModelBase', 'method_name': '_base_manager', 'file_path': 'django/db/models/base.py'}
  Value: 2, Action: Search Action: search_file_contents
Search Action Input: {'file_name': 'base.py', 'directory_path': 'django/db/models'}
  Value: 2, Action: Search Action: search_method_in_class
Search Action Input: {'class_name': 'ModelBase', 'method_name': '_prepare', 'file_path': 'django/db/models/base.py'}
  Value: 1, Action: Search Action: search_method_in_class
Search Action Input: {'class_name': 'ModelBase', 'method_name': '__new__'}
  Value: 1, Action: Search Action: search_method_in_class
Search Action Input: {'class_name': 'ModelBase', 'method_name': 'add_to_class'}
  Value: 1, Action: Search Action: search_method_in_class
Search Action Input: {'class_name': 'Model', 'method_name': '_get_FIELD_display'}
)
[2026-07-29 15:12:51,138 - search_queue - DEBUG] search queue: 
 SearchQueue(
  Value: 3, Action: Search Action: search_method_in_class
Search Action Input: {'class_name': 'ModelBase', 'method_name': '_prepare', 'file_path': 'django/db/models/base.py'}
  Value: 2, Action: Search Action: search_file_contents
Search Action Input: {'file_name': '__init__.py', 'directory_path': 'django/db/models/fields'}
  Value: 2, Action: Search Action: search_method_in_class
Search Action Input: {'class_name': 'ModelBase', 'method_name': '_base_manager', 'file_path': 'django/db/models/base.py'}
  Value: 2, Action: Search Action: search_file_contents
Search Action Input: {'file_name': 'base.py', 'directory_path': 'django/db/models'}
  Value: 1, Action: Search Action: search_method_in_class
Search Action Input: {'class_name': 'ModelBase', 'method_name': '__new__'}
  Value: 1, Action: Search Action: search_method_in_class
Search Action Input: {'class_name': 'ModelBase', 'method_name': 'add_to_class'}
  Value: 1, Action: Search Action: search_method_in_class
Search Action Input: {'class_name': 'Model', 'method_name': '_get_FIELD_display'}
)
[2026-07-29 15:13:29,113 - search_queue - DEBUG] search queue: 
 SearchQueue(
  Value: 2, Action: Search Action: search_file_contents
Search Action Input: {'file_name': '__init__.py', 'directory_path': 'django/db/models/fields'}
  Value: 2, Action: Search Action: search_method_in_class
Search Action Input: {'class_name': 'ModelBase', 'method_name': '_base_manager', 'file_path': 'django/db/models/base.py'}
  Value: 2, Action: Search Action: search_file_contents
Search Action Input: {'file_name': 'base.py', 'directory_path': 'django/db/models'}
  Value: 1, Action: Search Action: search_method_in_class
Search Action Input: {'class_name': 'ModelBase', 'method_name': '__new__'}
  Value: 1, Action: Search Action: search_method_in_class
Search Action Input: {'class_name': 'ModelBase', 'method_name': 'add_to_class'}
  Value: 1, Action: Search Action: search_method_in_class
Search Action Input: {'class_name': 'Model', 'method_name': '_get_FIELD_display'}
)
[2026-07-29 15:14:15,439 - search_queue - DEBUG] search queue: 
 SearchQueue(
  Value: 2, Action: Search Action: search_method_in_class
Search Action Input: {'class_name': 'ModelBase', 'method_name': '_base_manager', 'file_path': 'django/db/models/base.py'}
  Value: 2, Action: Search Action: search_file_contents
Search Action Input: {'file_name': 'base.py', 'directory_path': 'django/db/models'}
  Value: 1, Action: Search Action: search_method_in_class
Search Action Input: {'class_name': 'ModelBase', 'method_name': '__new__'}
  Value: 1, Action: Search Action: search_method_in_class
Search Action Input: {'class_name': 'ModelBase', 'method_name': 'add_to_class'}
  Value: 1, Action: Search Action: search_method_in_class
Search Action Input: {'class_name': 'Model', 'method_name': '_get_FIELD_display'}
)
[2026-07-29 15:14:36,535 - search_queue - DEBUG] search queue: 
 SearchQueue(
  Value: 2, Action: Search Action: search_file_contents
Search Action Input: {'file_name': 'base.py', 'directory_path': 'django/db/models'}
  Value: 1, Action: Search Action: search_method_in_class
Search Action Input: {'class_name': 'ModelBase', 'method_name': '__new__'}
  Value: 1, Action: Search Action: search_method_in_class
Search Action Input: {'class_name': 'ModelBase', 'method_name': 'add_to_class'}
  Value: 1, Action: Search Action: search_method_in_class
Search Action Input: {'class_name': 'Model', 'method_name': '_get_FIELD_display'}
)
[2026-07-29 15:15:04,980 - search_queue - DEBUG] search queue: 
 SearchQueue(
  Value: 1, Action: Search Action: search_method_in_class
Search Action Input: {'class_name': 'ModelBase', 'method_name': '__new__'}
  Value: 1, Action: Search Action: search_method_in_class
Search Action Input: {'class_name': 'ModelBase', 'method_name': 'add_to_class'}
  Value: 1, Action: Search Action: search_method_in_class
Search Action Input: {'class_name': 'Model', 'method_name': '_get_FIELD_display'}
)
[2026-07-29 15:15:05,000 - search_queue - INFO] Duplicate search result: search_action='search_method_in_class' search_action_input={'class_name': 'ModelBase', 'method_name': '__new__'} search_content='File Path: django/db/models/base.py \nMethod Content: \n    def __new__(cls, name, bases, attrs, **kwargs):\n        super_new = super().__new__\n\n        # Also ensure initialization is only performed for subclasses of Model\n        # (excluding Model class itself).\n        parents = [b for b in bases if isinstance(b, ModelBase)]\n        if not parents:\n            return super_new(cls, name, bases, attrs)\n\n        # Create the class.\n        module = attrs.pop(\'__module__\')\n        new_attrs = {\'__module__\': module}\n        classcell = attrs.pop(\'__classcell__\', None)\n        if classcell is not None:\n            new_attrs[\'__classcell__\'] = classcell\n        attr_meta = attrs.pop(\'Meta\', None)\n        # Pass all attrs without a (Django-specific) contribute_to_class()\n        # method to type.__new__() so that they\'re properly initialized\n        # (i.e. __set_name__()).\n        contributable_attrs = {}\n        for obj_name, obj in list(attrs.items()):\n            if _has_contribute_to_class(obj):\n                contributable_attrs[obj_name] = obj\n            else:\n                new_attrs[obj_name] = obj\n        new_class = super_new(cls, name, bases, new_attrs, **kwargs)\n\n        abstract = getattr(attr_meta, \'abstract\', False)\n        meta = attr_meta or getattr(new_class, \'Meta\', None)\n        base_meta = getattr(new_class, \'_meta\', None)\n\n        app_label = None\n\n        # Look for an application configuration to attach the model to.\n        app_config = apps.get_containing_app_config(module)\n\n        if getattr(meta, \'app_label\', None) is None:\n            if app_config is None:\n                if not abstract:\n                    raise RuntimeError(\n                        "Model class %s.%s doesn\'t declare an explicit "\n                        "app_label and isn\'t in an application in "\n                        "INSTALLED_APPS." % (module, name)\n                    )\n\n            else:\n                app_label = app_config.label\n\n        new_class.add_to_class(\'_meta\', Options(meta, app_label))\n        if not abstract:\n            new_class.add_to_class(\n                \'DoesNotExist\',\n                subclass_exception(\n                    \'DoesNotExist\',\n                    tuple(\n                        x.DoesNotExist for x in parents if hasattr(x, \'_meta\') and not x._meta.abstract\n                    ) or (ObjectDoesNotExist,),\n                    module,\n                    attached_to=new_class))\n            new_class.add_to_class(\n                \'MultipleObjectsReturned\',\n                subclass_exception(\n                    \'MultipleObjectsReturned\',\n                    tuple(\n                        x.MultipleObjectsReturned for x in parents if hasattr(x, \'_meta\') and not x._meta.abstract\n                    ) or (MultipleObjectsReturned,),\n                    module,\n                    attached_to=new_class))\n            if base_meta and not base_meta.abstract:\n                # Non-abstract child classes inherit some attributes from their\n                # non-abstract parent (unless an ABC comes before it in the\n                # method resolution order).\n                if not hasattr(meta, \'ordering\'):\n                    new_class._meta.ordering = base_meta.ordering\n                if not hasattr(meta, \'get_latest_by\'):\n                    new_class._meta.get_latest_by = base_meta.get_latest_by\n\n        is_proxy = new_class._meta.proxy\n\n        # If the model is a proxy, ensure that the base class\n        # hasn\'t been swapped out.\n        if is_proxy and base_meta and base_meta.swapped:\n            raise TypeError("%s cannot proxy the swapped model \'%s\'." % (name, base_meta.swapped))\n\n        # Add remaining attributes (those with a contribute_to_class() method)\n        # to the class.\n        for obj_name, obj in contributable_attrs.items():\n            new_class.add_to_class(obj_name, obj)\n\n        # All the fields of any type declared on this model\n        new_fields = chain(\n            new_class._meta.local_fields,\n            new_class._meta.local_many_to_many,\n            new_class._meta.private_fields\n        )\n        field_names = {f.name for f in new_fields}\n\n        # Basic setup for proxy models.\n        if is_proxy:\n            base = None\n            for parent in [kls for kls in parents if hasattr(kls, \'_meta\')]:\n                if parent._meta.abstract:\n                    if parent._meta.fields:\n                        raise TypeError(\n                            "Abstract base class containing model fields not "\n                            "permitted for proxy model \'%s\'." % name\n                        )\n                    else:\n                        continue\n                if base is None:\n                    base = parent\n                elif parent._meta.concrete_model is not base._meta.concrete_model:\n                    raise TypeError("Proxy model \'%s\' has more than one non-abstract model base class." % name)\n            if base is None:\n                raise TypeError("Proxy model \'%s\' has no non-abstract model base class." % name)\n            new_class._meta.setup_proxy(base)\n            new_class._meta.concrete_model = base._meta.concrete_model\n        else:\n            new_class._meta.concrete_model = new_class\n\n        # Collect the parent links for multi-table inheritance.\n        parent_links = {}\n        for base in reversed([new_class] + parents):\n            # Conceptually equivalent to `if base is Model`.\n            if not hasattr(base, \'_meta\'):\n                continue\n            # Skip concrete parent classes.\n            if base != new_class and not base._meta.abstract:\n                continue\n            # Locate OneToOneField instances.\n            for field in base._meta.local_fields:\n                if isinstance(field, OneToOneField):\n                    related = resolve_relation(new_class, field.remote_field.model)\n                    parent_links[make_model_tuple(related)] = field\n\n        # Track fields inherited from base models.\n        inherited_attributes = set()\n        # Do the appropriate setup for any model parents.\n        for base in new_class.mro():\n            if base not in parents or not hasattr(base, \'_meta\'):\n                # Things without _meta aren\'t functional models, so they\'re\n                # uninteresting parents.\n                inherited_attributes.update(base.__dict__)\n                continue\n\n            parent_fields = base._meta.local_fields + base._meta.local_many_to_many\n            if not base._meta.abstract:\n                # Check for clashes between locally declared fields and those\n                # on the base classes.\n                for field in parent_fields:\n                    if field.name in field_names:\n                        raise FieldError(\n                            \'Local field %r in class %r clashes with field of \'\n                            \'the same name from base class %r.\' % (\n                                field.name,\n                                name,\n                                base.__name__,\n                            )\n                        )\n                    else:\n                        inherited_attributes.add(field.name)\n\n                # Concrete classes...\n                base = base._meta.concrete_model\n                base_key = make_model_tuple(base)\n                if base_key in parent_links:\n                    field = parent_links[base_key]\n                elif not is_proxy:\n                    attr_name = \'%s_ptr\' % base._meta.model_name\n                    field = OneToOneField(\n                        base,\n                        on_delete=CASCADE,\n                        name=attr_name,\n                        auto_created=True,\n                        parent_link=True,\n                    )\n\n                    if attr_name in field_names:\n                        raise FieldError(\n                            "Auto-generated field \'%s\' in class %r for "\n                            "parent_link to base class %r clashes with "\n                            "declared field of the same name." % (\n                                attr_name,\n                                name,\n                                base.__name__,\n                            )\n                        )\n\n                    # Only add the ptr field if it\'s not already present;\n                    # e.g. migrations will already have it specified\n                    if not hasattr(new_class, attr_name):\n                        new_class.add_to_class(attr_name, field)\n                else:\n                    field = None\n                new_class._meta.parents[base] = field\n            else:\n                base_parents = base._meta.parents.copy()\n\n                # Add fields from abstract base class if it wasn\'t overridden.\n                for field in parent_fields:\n                    if (field.name not in field_names and\n                            field.name not in new_class.__dict__ and\n                            field.name not in inherited_attributes):\n                        new_field = copy.deepcopy(field)\n                        new_class.add_to_class(field.name, new_field)\n                        # Replace parent links defined on this base by the new\n                        # field. It will be appropriately resolved if required.\n                        if field.one_to_one:\n                            for parent, parent_link in base_parents.items():\n                                if field == parent_link:\n                                    base_parents[parent] = new_field\n\n                # Pass any non-abstract parent classes onto child.\n                new_class._meta.parents.update(base_parents)\n\n            # Inherit private fields (like GenericForeignKey) from the parent\n            # class\n            for field in base._meta.private_fields:\n                if field.name in field_names:\n                    if not base._meta.abstract:\n                        raise FieldError(\n                            \'Local field %r in class %r clashes with field of \'\n                            \'the same name from base class %r.\' % (\n                                field.name,\n                                name,\n                                base.__name__,\n                            )\n                        )\n                else:\n                    field = copy.deepcopy(field)\n                    if not base._meta.abstract:\n                        field.mti_inherited = True\n                    new_class.add_to_class(field.name, field)\n\n        # Copy indexes so that index names are unique when models extend an\n        # abstract model.\n        new_class._meta.indexes = [copy.deepcopy(idx) for idx in new_class._meta.indexes]\n\n        if abstract:\n            # Abstract base models can\'t be instantiated and don\'t appear in\n            # the list of models for an app. We do the final setup for them a\n            # little differently from normal models.\n            attr_meta.abstract = False\n            new_class.Meta = attr_meta\n            return new_class\n\n        new_class._prepare()\n        new_class._meta.apps.register_model(new_class._meta.app_label, new_class)\n        return new_class\n'
[2026-07-29 15:15:05,019 - search_queue - INFO] Duplicate search result: search_action='search_method_in_class' search_action_input={'class_name': 'ModelBase', 'method_name': 'add_to_class'} search_content='File Path: django/db/models/base.py \nMethod Content: \n    def add_to_class(cls, name, value):\n        if _has_contribute_to_class(value):\n            value.contribute_to_class(cls, name)\n        else:\n            setattr(cls, name, value)\n'
[2026-07-29 15:15:05,036 - search_queue - INFO] Duplicate search result: search_action='search_method_in_class' search_action_input={'class_name': 'Model', 'method_name': '_get_FIELD_display'} search_content='File Path: django/db/models/base.py \nMethod Content: \n    def _get_FIELD_display(self, field):\n        value = getattr(self, field.attname)\n        # force_str() to coerce lazy strings.\n        return force_str(dict(field.flatchoices).get(value, value), strings_only=True)\n'
