[2026-07-29 15:30:40,001 - search_queue - DEBUG] search queue: 
 SearchQueue(
  Value: 1, Action: Search Action: search_class
Search Action Input: {'class_name': 'Field'}
  Value: 1, Action: Search Action: search_method_in_class
Search Action Input: {'class_name': 'Field', 'method_name': 'contribute_to_class'}
  Value: 1, Action: Search Action: search_class
Search Action Input: {'class_name': 'ModelBase'}
  Value: 1, Action: Search Action: search_method_in_class
Search Action Input: {'class_name': 'Model', 'method_name': '_get_FIELD_display'}
)
[2026-07-29 15:31:02,303 - search_queue - DEBUG] search queue: 
 SearchQueue(
  Value: 1, Action: Search Action: search_method_in_class
Search Action Input: {'class_name': 'Field', 'method_name': 'contribute_to_class'}
  Value: 1, Action: Search Action: search_class
Search Action Input: {'class_name': 'ModelBase'}
  Value: 1, Action: Search Action: search_method_in_class
Search Action Input: {'class_name': 'Model', 'method_name': '_get_FIELD_display'}
  Value: 1, Action: Search Action: search_method_in_class
Search Action Input: {'class_name': 'Field', 'method_name': 'contribute_to_class', 'file_path': 'django/db/models/fields/__init__.py'}
  Value: 1, Action: Search Action: search_class
Search Action Input: {'class_name': 'ModelBase', 'file_path': 'django/db/models/base.py'}
  Value: 1, Action: Search Action: search_method_in_class
Search Action Input: {'class_name': 'Model', 'method_name': '_get_FIELD_display', 'file_path': 'django/db/models/base.py'}
)
[2026-07-29 15:31:18,227 - search_queue - DEBUG] search queue: 
 SearchQueue(
  Value: 2, Action: Search Action: search_class
Search Action Input: {'class_name': 'ModelBase'}
  Value: 2, Action: Search Action: search_method_in_class
Search Action Input: {'class_name': 'Model', 'method_name': '_get_FIELD_display'}
  Value: 2, Action: Search Action: search_method_in_class
Search Action Input: {'class_name': 'Field', 'method_name': 'contribute_to_class', 'file_path': 'django/db/models/fields/__init__.py'}
  Value: 2, Action: Search Action: search_class
Search Action Input: {'class_name': 'ModelBase', 'file_path': 'django/db/models/base.py'}
  Value: 2, Action: Search Action: search_method_in_class
Search Action Input: {'class_name': 'Model', 'method_name': '_get_FIELD_display', 'file_path': 'django/db/models/base.py'}
  Value: 2, Action: Search Action: search_file_contents
Search Action Input: {'file_name': '__init__.py', 'directory_path': 'django/db/models/fields'}
)
[2026-07-29 15:31:43,080 - search_queue - DEBUG] search queue: 
 SearchQueue(
  Value: 3, Action: Search Action: search_method_in_class
Search Action Input: {'class_name': 'Model', 'method_name': '_get_FIELD_display'}
  Value: 3, Action: Search Action: search_method_in_class
Search Action Input: {'class_name': 'Field', 'method_name': 'contribute_to_class', 'file_path': 'django/db/models/fields/__init__.py'}
  Value: 3, Action: Search Action: search_class
Search Action Input: {'class_name': 'ModelBase', 'file_path': 'django/db/models/base.py'}
  Value: 3, Action: Search Action: search_method_in_class
Search Action Input: {'class_name': 'Model', 'method_name': '_get_FIELD_display', 'file_path': 'django/db/models/base.py'}
  Value: 3, Action: Search Action: search_file_contents
Search Action Input: {'file_name': '__init__.py', 'directory_path': 'django/db/models/fields'}
  Value: 2, Action: Search Action: search_file_contents
Search Action Input: {'file_name': 'base.py', 'directory_path': 'django/db/models'}
)
[2026-07-29 15:31:53,320 - search_queue - DEBUG] search queue: 
 SearchQueue(
  Value: 4, Action: Search Action: search_class
Search Action Input: {'class_name': 'ModelBase', 'file_path': 'django/db/models/base.py'}
  Value: 3, Action: Search Action: search_method_in_class
Search Action Input: {'class_name': 'Field', 'method_name': 'contribute_to_class', 'file_path': 'django/db/models/fields/__init__.py'}
  Value: 3, Action: Search Action: search_method_in_class
Search Action Input: {'class_name': 'Model', 'method_name': '_get_FIELD_display', 'file_path': 'django/db/models/base.py'}
  Value: 3, Action: Search Action: search_file_contents
Search Action Input: {'file_name': '__init__.py', 'directory_path': 'django/db/models/fields'}
  Value: 2, Action: Search Action: search_file_contents
Search Action Input: {'file_name': 'base.py', 'directory_path': 'django/db/models'}
)
[2026-07-29 15:31:53,328 - search_queue - INFO] Duplicate search result: search_action='search_class' search_action_input={'class_name': 'ModelBase', 'file_path': 'django/db/models/base.py'} search_content='File Path: django/db/models/base.py \nClass Skeleton: \nClass Signature: ModelBase\nDocstring: Metaclass for all models.\n\nMethod: __new__\nMethod Signature: __new__(cls, name, bases, attrs)\nDocstring: None\n\nMethod: add_to_class\nMethod Signature: add_to_class(cls, name, value)\nDocstring: None\n\nMethod: _prepare\nMethod Signature: _prepare(cls)\nDocstring: Create some methods once self._meta has been populated.\n\nMethod: _base_manager\nMethod Signature: _base_manager(cls)\nDocstring: None\n\nMethod: _default_manager\nMethod Signature: _default_manager(cls)\nDocstring: None\n'
[2026-07-29 15:31:53,335 - search_queue - INFO] Duplicate search result: search_action='search_method_in_class' search_action_input={'class_name': 'Field', 'method_name': 'contribute_to_class', 'file_path': 'django/db/models/fields/__init__.py'} search_content='File Path: django/db/models/fields/__init__.py \nMethod Content: \n    def contribute_to_class(self, cls, name, private_only=False):\n        """\n        Register the field with the model class it belongs to.\n\n        If private_only is True, create a separate instance of this field\n        for every subclass of cls, even if cls is not an abstract model.\n        """\n        self.set_attributes_from_name(name)\n        self.model = cls\n        cls._meta.add_field(self, private=private_only)\n        if self.column:\n            # Don\'t override classmethods with the descriptor. This means that\n            # if you have a classmethod and a field with the same name, then\n            # such fields can\'t be deferred (we don\'t have a check for this).\n            if not getattr(cls, self.attname, None):\n                setattr(cls, self.attname, self.descriptor_class(self))\n        if self.choices is not None:\n            setattr(cls, \'get_%s_display\' % self.name,\n                    partialmethod(cls._get_FIELD_display, field=self))\n'
[2026-07-29 15:31:53,343 - search_queue - INFO] Duplicate search result: search_action='search_method_in_class' search_action_input={'class_name': 'Model', 'method_name': '_get_FIELD_display', 'file_path': 'django/db/models/base.py'} search_content='File Path: django/db/models/base.py \nMethod Content: \n    def _get_FIELD_display(self, field):\n        value = getattr(self, field.attname)\n        # force_str() to coerce lazy strings.\n        return force_str(dict(field.flatchoices).get(value, value), strings_only=True)\n'
[2026-07-29 15:32:16,520 - search_queue - DEBUG] search queue: 
 SearchQueue(
  Value: 3, Action: Search Action: search_file_contents
Search Action Input: {'file_name': 'base.py', 'directory_path': 'django/db/models'}
)
[2026-07-29 15:32:34,134 - search_queue - DEBUG] search queue: 
 SearchQueue(
  Value: 2, Action: Search Action: search_callable
Search Action Input: {'query_name': '_has_contribute_to_class', 'file_path': 'django/db/models/base.py'}
)
