[2026-07-30 08:13:56,417 - search_queue - DEBUG] search queue: 
 SearchQueue(
  Value: 1, Action: Search Action: search_method_in_class
Search Action Input: {'class_name': 'Model', 'method_name': '__getattr__', 'file_path': 'django/db/models/base.py'}
  Value: 1, Action: Search Action: search_method_in_class
Search Action Input: {'class_name': 'Model', 'method_name': '__init__', 'file_path': 'django/db/models/base.py'}
  Value: 1, Action: Search Action: search_callable
Search Action Input: {'query_name': 'get_FOO_display'}
)
[2026-07-30 08:14:03,241 - search_queue - DEBUG] search queue: 
 SearchQueue(
  Value: 2, Action: Search Action: search_method_in_class
Search Action Input: {'class_name': 'Model', 'method_name': '__init__', 'file_path': 'django/db/models/base.py'}
  Value: 2, Action: Search Action: search_callable
Search Action Input: {'query_name': 'get_FOO_display'}
)
[2026-07-30 08:14:08,407 - search_queue - DEBUG] search queue: 
 SearchQueue(
  Value: 3, Action: Search Action: search_callable
Search Action Input: {'query_name': 'get_FOO_display'}
  Value: 2, Action: Search Action: search_file_contents
Search Action Input: {'file_name': 'base.py', 'directory_path': 'django/db/models'}
)
[2026-07-30 08:14:21,381 - search_queue - DEBUG] search queue: 
 SearchQueue(
  Value: 3, Action: Search Action: search_file_contents
Search Action Input: {'file_name': 'base.py', 'directory_path': 'django/db/models'}
)
[2026-07-30 08:14:33,907 - search_queue - DEBUG] search queue: 
 SearchQueue(
  Value: 2, Action: Search Action: search_callable
Search Action Input: {'query_name': '_has_contribute_to_class', 'file_path': 'django/db/models/base.py'}
  Value: 1, Action: Search Action: search_method_in_class
Search Action Input: {'class_name': 'ModelBase', 'method_name': '__new__', 'file_path': 'django/db/models/base.py'}
  Value: 1, Action: Search Action: search_callable
Search Action Input: {'query_name': 'get_FIELD_display'}
)
[2026-07-30 08:14:37,256 - search_queue - DEBUG] search queue: 
 SearchQueue(
  Value: 2, Action: Search Action: search_method_in_class
Search Action Input: {'class_name': 'ModelBase', 'method_name': '__new__', 'file_path': 'django/db/models/base.py'}
  Value: 2, Action: Search Action: search_callable
Search Action Input: {'query_name': 'get_FIELD_display'}
)
[2026-07-30 08:14:40,991 - search_queue - DEBUG] search queue: 
 SearchQueue(
  Value: 3, Action: Search Action: search_callable
Search Action Input: {'query_name': 'get_FIELD_display'}
)
[2026-07-30 08:14:44,153 - search_queue - DEBUG] search queue: 
 SearchQueue(
  Value: 1, Action: Search Action: search_class
Search Action Input: {'class_name': 'Options'}
  Value: 1, Action: Search Action: search_method_in_class
Search Action Input: {'class_name': 'Model', 'method_name': '_prepare'}
  Value: 1, Action: Search Action: search_method_in_class
Search Action Input: {'class_name': 'Field', 'method_name': 'contribute_to_class'}
)
[2026-07-30 08:14:49,031 - search_queue - DEBUG] search queue: 
 SearchQueue(
  Value: 2, Action: Search Action: search_method_in_class
Search Action Input: {'class_name': 'Model', 'method_name': '_prepare'}
  Value: 2, Action: Search Action: search_method_in_class
Search Action Input: {'class_name': 'Field', 'method_name': 'contribute_to_class'}
)
[2026-07-30 08:14:52,485 - search_queue - DEBUG] search queue: 
 SearchQueue(
  Value: 2, Action: Search Action: search_method_in_class
Search Action Input: {'class_name': 'Field', 'method_name': 'contribute_to_class'}
  Value: 1, Action: Search Action: search_method_in_class
Search Action Input: {'class_name': 'Field', 'method_name': 'contribute_to_class', 'file_path': 'django/db/models/fields/__init__.py'}
)
[2026-07-30 08:14:56,576 - search_queue - DEBUG] search queue: 
 SearchQueue(
  Value: 2, Action: Search Action: search_file_contents
Search Action Input: {'file_name': '__init__.py', 'directory_path': 'django/db/models/fields'}
  Value: 1, Action: Search Action: search_method_in_class
Search Action Input: {'class_name': 'Field', 'method_name': 'contribute_to_class', 'file_path': 'django/db/models/fields/__init__.py'}
  Value: 1, Action: Search Action: search_method_in_class
Search Action Input: {'class_name': 'Model', 'method_name': '_get_FIELD_display'}
)
[2026-07-30 08:15:19,789 - search_queue - DEBUG] search queue: 
 SearchQueue(
  Value: 2, Action: Search Action: search_callable
Search Action Input: {'query_name': 'DateTimeCheckMixin', 'file_path': 'django/db/models/fields/__init__.py'}
  Value: 1, Action: Search Action: search_method_in_class
Search Action Input: {'class_name': 'Field', 'method_name': 'contribute_to_class', 'file_path': 'django/db/models/fields/__init__.py'}
  Value: 1, Action: Search Action: search_method_in_class
Search Action Input: {'class_name': 'Model', 'method_name': '_get_FIELD_display'}
  Value: 1, Action: Search Action: search_method_in_class
Search Action Input: {'class_name': 'Model', 'method_name': '_get_FIELD_display', 'file_path': 'django/db/models/base.py'}
  Value: 1, Action: Search Action: search_method_in_class
Search Action Input: {'class_name': 'Model', 'method_name': '_prepare', 'file_path': 'django/db/models/base.py'}
)
[2026-07-30 08:15:28,572 - search_queue - DEBUG] search queue: 
 SearchQueue(
  Value: 2, Action: Search Action: search_method_in_class
Search Action Input: {'class_name': 'Model', 'method_name': '_get_FIELD_display', 'file_path': 'django/db/models/base.py'}
  Value: 2, Action: Search Action: search_method_in_class
Search Action Input: {'class_name': 'Model', 'method_name': '_prepare', 'file_path': 'django/db/models/base.py'}
  Value: 2, Action: Search Action: search_method_in_class
Search Action Input: {'class_name': 'DateTimeCheckMixin', 'method_name': '_check_mutually_exclusive_options', 'file_path': 'django/db/models/fields/__init__.py'}
  Value: 1, Action: Search Action: search_method_in_class
Search Action Input: {'class_name': 'Field', 'method_name': 'contribute_to_class', 'file_path': 'django/db/models/fields/__init__.py'}
  Value: 1, Action: Search Action: search_method_in_class
Search Action Input: {'class_name': 'Model', 'method_name': '_get_FIELD_display'}
)
[2026-07-30 08:15:34,069 - search_queue - DEBUG] search queue: 
 SearchQueue(
  Value: 3, Action: Search Action: search_method_in_class
Search Action Input: {'class_name': 'Model', 'method_name': '_prepare', 'file_path': 'django/db/models/base.py'}
  Value: 2, Action: Search Action: search_method_in_class
Search Action Input: {'class_name': 'DateTimeCheckMixin', 'method_name': '_check_mutually_exclusive_options', 'file_path': 'django/db/models/fields/__init__.py'}
  Value: 1, Action: Search Action: search_method_in_class
Search Action Input: {'class_name': 'Field', 'method_name': 'contribute_to_class', 'file_path': 'django/db/models/fields/__init__.py'}
  Value: 1, Action: Search Action: search_method_in_class
Search Action Input: {'class_name': 'Model', 'method_name': '_get_FIELD_display'}
)
[2026-07-30 08:16:10,158 - search_queue - DEBUG] search queue: 
 SearchQueue(
  Value: 2, Action: Search Action: search_method_in_class
Search Action Input: {'class_name': 'DateTimeCheckMixin', 'method_name': '_check_mutually_exclusive_options', 'file_path': 'django/db/models/fields/__init__.py'}
  Value: 1, Action: Search Action: search_method_in_class
Search Action Input: {'class_name': 'Field', 'method_name': 'contribute_to_class', 'file_path': 'django/db/models/fields/__init__.py'}
  Value: 1, Action: Search Action: search_method_in_class
Search Action Input: {'class_name': 'Model', 'method_name': '_get_FIELD_display'}
  Value: 1, Action: Search Action: search_method_in_class
Search Action Input: {'class_name': 'ModelBase', 'method_name': '_prepare', 'file_path': 'django/db/models/base.py'}
)
[2026-07-30 08:16:14,765 - search_queue - DEBUG] search queue: 
 SearchQueue(
  Value: 2, Action: Search Action: search_method_in_class
Search Action Input: {'class_name': 'ModelBase', 'method_name': '_prepare', 'file_path': 'django/db/models/base.py'}
  Value: 1, Action: Search Action: search_method_in_class
Search Action Input: {'class_name': 'Field', 'method_name': 'contribute_to_class', 'file_path': 'django/db/models/fields/__init__.py'}
  Value: 1, Action: Search Action: search_method_in_class
Search Action Input: {'class_name': 'Model', 'method_name': '_get_FIELD_display'}
)
[2026-07-30 08:16:18,790 - search_queue - DEBUG] search queue: 
 SearchQueue(
  Value: 1, Action: Search Action: search_method_in_class
Search Action Input: {'class_name': 'Field', 'method_name': 'contribute_to_class', 'file_path': 'django/db/models/fields/__init__.py'}
  Value: 1, Action: Search Action: search_method_in_class
Search Action Input: {'class_name': 'Model', 'method_name': '_get_FIELD_display'}
)
[2026-07-30 08:16:18,798 - search_queue - INFO] Duplicate search result: search_action='search_method_in_class' search_action_input={'class_name': 'Field', 'method_name': 'contribute_to_class', 'file_path': 'django/db/models/fields/__init__.py'} search_content='File Path: django/db/models/fields/__init__.py \nMethod Content: \n    def contribute_to_class(self, cls, name, private_only=False):\n        """\n        Register the field with the model class it belongs to.\n\n        If private_only is True, create a separate instance of this field\n        for every subclass of cls, even if cls is not an abstract model.\n        """\n        self.set_attributes_from_name(name)\n        self.model = cls\n        cls._meta.add_field(self, private=private_only)\n        if self.column:\n            # Don\'t override classmethods with the descriptor. This means that\n            # if you have a classmethod and a field with the same name, then\n            # such fields can\'t be deferred (we don\'t have a check for this).\n            if not getattr(cls, self.attname, None):\n                setattr(cls, self.attname, self.descriptor_class(self))\n        if self.choices is not None:\n            setattr(cls, \'get_%s_display\' % self.name,\n                    partialmethod(cls._get_FIELD_display, field=self))\n'
[2026-07-30 08:16:18,817 - search_queue - INFO] Duplicate search result: search_action='search_method_in_class' search_action_input={'class_name': 'Model', 'method_name': '_get_FIELD_display'} search_content='File Path: django/db/models/base.py \nMethod Content: \n    def _get_FIELD_display(self, field):\n        value = getattr(self, field.attname)\n        # force_str() to coerce lazy strings.\n        return force_str(dict(field.flatchoices).get(value, value), strings_only=True)\n'
