[2026-07-29 15:58:06,384 - action_history - DEBUG] Action history: 
 SearchActionHistory(
  Search Action: search_method_in_class
Search Action Input: {'class_name': 'ModelBase', 'method_name': '__new__'}: 1
  Search Action: search_method_in_class
Search Action Input: {'class_name': 'Model', 'method_name': '_get_FIELD_display'}: 1
)
[2026-07-29 15:58:23,693 - action_history - DEBUG] Action history: 
 SearchActionHistory(
  Search Action: search_method_in_class
Search Action Input: {'class_name': 'ModelBase', 'method_name': '__new__'}: 1
  Search Action: search_method_in_class
Search Action Input: {'class_name': 'Model', 'method_name': '_get_FIELD_display'}: 2
  Search Action: search_file_contents
Search Action Input: {'file_name': 'base.py', 'directory_path': 'django/db/models'}: 2
)
[2026-07-29 15:59:09,004 - action_history - DEBUG] Action history: 
 SearchActionHistory(
  Search Action: search_method_in_class
Search Action Input: {'class_name': 'ModelBase', 'method_name': '__new__'}: 1
  Search Action: search_method_in_class
Search Action Input: {'class_name': 'Model', 'method_name': '_get_FIELD_display'}: 2
  Search Action: search_file_contents
Search Action Input: {'file_name': 'base.py', 'directory_path': 'django/db/models'}: 3
)
[2026-07-29 15:59:18,394 - action_history - DEBUG] Action history: 
 SearchActionHistory(
  Search Action: search_method_in_class
Search Action Input: {'class_name': 'ModelBase', 'method_name': '__new__'}: 1
  Search Action: search_method_in_class
Search Action Input: {'class_name': 'Model', 'method_name': '_get_FIELD_display'}: 2
  Search Action: search_file_contents
Search Action Input: {'file_name': 'base.py', 'directory_path': 'django/db/models'}: 3
)
